// Jest Snapshot v1, https://goo.gl/fbAQLP

exports[`FormContainer should match the snapshot 1`] = `
<View
  style={
    [
      {
        "display": "flex",
        "width": "100%",
      },
      {
        "alignItems": undefined,
        "columnGap": undefined,
        "flexBasis": undefined,
        "flexDirection": "row",
        "flexWrap": "nowrap",
        "gap": undefined,
        "justifyContent": "flex-start",
        "padding": undefined,
        "rowGap": undefined,
      },
    ]
  }
>
  Test
</View>
`;
